processed_retail_data.csv
product_id,product_category_name,month_year,total_quantity_sold,month,year,month_index,lag_1,unit_price,freight_price,holiday
watches3,watches_gifts,2017-01-06,3,1,2017,1,1.0,78.0,10.3,1.0
watches3,watches_gifts,2017-01-07,1,1,2017,1,3.0,78.0,14.3,1.0
watches3,watches_gifts,2017-01-08,5,1,2017,1,1.0,78.0,18.22,1.0
watches3,watches_gifts,2017-01-10,3,1,2017,1,5.0,78.0,12.13333333,0.0
watches3,watches_gifts,2017-01-11,2,1,2017,1,3.0,78.0,7.8,0.0
watches3,watches_gifts,2017-01-12,6,1,2017,1,2.0,78.0,19.69166667,1.0
watches3,watches_gifts,2018-01-01,9,1,2018,13,6.0,78.0,14.63333333,0.0
watches3,watches_gifts,2018-01-02,1,1,2018,13,9.0,78.0,15.3,0.0
watches3,watches_gifts,2018-01-03,1,1,2018,13,1.0,78.0,19.24,1.0
watches3,watches_gifts,2018-01-04,16,1,2018,13,1.0,78.0,16.645625,1.0
watches3,watches_gifts,2018-01-05,5,1,2018,13,16.0,78.0,10.24,0.0
watches3,watches_gifts,2018-01-06,39,1,2018,13,5.0,78.0,15.6825641,0.0
watches3,watches_gifts,2018-01-07,40,1,2018,13,39.0,78.0,17.9795,1.0
watches3,watches_gifts,2018-01-08,28,1,2018,13,40.0,77.82142857,13.09035714,1.0
watches4,watches_gifts,2017-01-12,13,1,2017,1,13.0,108.0,16.65384615,1.0
watches4,watches_gifts,2018-01-01,44,1,2018,13,13.0,108.0,16.19636364,0.0
watches4,watches_gifts,2018-01-02,33,1,2018,13,44.0,108.0,18.25363636,0.0
watches4,watches_gifts,2018-01-03,21,1,2018,13,33.0,105.6428571,21.6652381,1.0
watches4,watches_gifts,2018-01-04,21,1,2018,13,21.0,105.0,13.63142857,1.0
watches4,watches_gifts,2018-01-05,37,1,2018,13,21.0,105.0,11.3772973,0.0
watches4,watches_gifts,2018-01-06,28,1,2018,13,37.0,105.0,23.82357143,0.0
watches4,watches_gifts,2018-01-07,8,1,2018,13,28.0,105.0,24.93875,1.0
watches4,watches_gifts,2018-01-08,7,1,2018,13,8.0,105.0,23.38571429,1.0
watches5,watches_gifts,2017-01-09,10,1,2017,1,8.0,219.06,15.345,1.0
watches5,watches_gifts,2017-01-10,8,1,2017,1,10.0,216.15,19.1,0.0
watches5,watches_gifts,2017-01-11,12,1,2017,1,8.0,203.2909091,19.795,0.0
watches5,watches_gifts,2017-01-12,28,1,2017,1,12.0,224.5428571,17.48678571,1.0
watches5,watches_gifts,2018-01-01,10,1,2018,13,28.0,220.77,20.496,0.0
watches5,watches_gifts,2018-01-02,21,1,2018,13,10.0,205.6857143,20.90238095,0.0
watches5,watches_gifts,2018-01-03,16,1,2018,13,21.0,216.1875,29.476875,1.0
watches5,watches_gifts,2018-01-04,13,1,2018,13,16.0,204.3846154,4.088461538,1.0
watches5,watches_gifts,2018-01-05,17,1,2018,13,13.0,199.0,0.0,0.0
watches6,watches_gifts,2017-01-07,11,1,2017,1,4.0,161.5909091,15.52545455,1.0
watches6,watches_gifts,2017-01-08,13,1,2017,1,11.0,160.6692308,15.18538462,1.0
watches6,watches_gifts,2017-01-09,18,1,2017,1,13.0,148.7785714,14.04111111,1.0
watches6,watches_gifts,2017-01-10,1,1,2017,1,18.0,134.9,6.81,0.0
watches6,watches_gifts,2017-01-11,15,1,2017,1,1.0,133.0,19.91666667,0.0
watches6,watches_gifts,2017-01-12,4,1,2017,1,15.0,149.0,19.1,1.0
watches6,watches_gifts,2018-01-02,6,1,2018,13,4.0,128.2416667,15.92666667,0.0
watches6,watches_gifts,2018-01-03,31,1,2018,13,6.0,117.4412903,18.26129032,1.0
watches6,watches_gifts,2018-01-04,85,1,2018,13,31.0,105.648625,2.181647059,1.0
watches6,watches_gifts,2018-01-05,114,1,2018,13,85.0,103.7925234,0.095438596,0.0
watches6,watches_gifts,2018-01-06,9,1,2018,13,114.0,119.0,19.20666667,0.0
watches6,watches_gifts,2018-01-07,11,1,2018,13,9.0,118.3636364,15.48,1.0
watches6,watches_gifts,2018-01-08,1,1,2018,13,11.0,112.0,13.44,1.0
watches7,watches_gifts,2017-01-09,1,1,2017,1,2.0,339.0,13.94,1.0
watches7,watches_gifts,2017-01-10,10,1,2017,1,1.0,346.158,13.455,0.0
watches7,watches_gifts,2017-01-11,9,1,2017,1,10.0,345.7066667,14.27555556,0.0
watches7,watches_gifts,2017-01-12,11,1,2017,1,9.0,348.8,16.10272727,1.0
watches7,watches_gifts,2018-01-01,1,1,2018,13,11.0,339.9,17.13,0.0
watches7,watches_gifts,2018-01-02,5,1,2018,13,1.0,347.0,17.176,0.0
watches7,watches_gifts,2018-01-03,6,1,2018,13,5.0,307.8333333,18.22333333,1.0
watches7,watches_gifts,2018-01-04,6,1,2018,13,6.0,280.6666667,18.16833333,1.0
watches7,watches_gifts,2018-01-05,23,1,2018,13,6.0,258.9695652,13.63130435,0.0
watches7,watches_gifts,2018-01-06,4,1,2018,13,23.0,245.9,14.795,0.0
watches7,watches_gifts,2018-01-07,45,1,2018,13,4.0,169.3493182,17.95355556,1.0
watches8,watches_gifts,2017-01-10,2,1,2017,1,2.0,239.9,11.22,0.0
watches8,watches_gifts,2018-01-01,2,1,2018,13,2.0,229.9,16.36,0.0
watches8,watches_gifts,2018-01-02,11,1,2018,13,2.0,204.6181818,17.02545455,0.0
watches8,watches_gifts,2018-01-03,16,1,2018,13,11.0,167.5,17.154375,1.0
watches8,watches_gifts,2018-01-04,26,1,2018,13,16.0,150.3423077,17.50192308,1.0
watches8,watches_gifts,2018-01-05,30,1,2018,13,26.0,145.1666667,16.259,0.0
watches8,watches_gifts,2018-01-06,3,1,2018,13,30.0,152.6333333,19.17,0.0
watches8,watches_gifts,2018-01-07,14,1,2018,13,3.0,157.1428571,16.65714286,1.0
watches8,watches_gifts,2018-01-08,11,1,2018,13,14.0,157.9454545,14.59272727,1.0
